../Core/Src/main.c:77:6:read_keypad	8	static
../Core/Src/main.c:204:7:read_temperature_DS18B20	16	static
../Core/Src/main.c:209:6:send_temperature_via_UART	40	static
../Core/Src/main.c:214:6:display_temperature_on_LCD	48	static
../Core/Src/main.c:227:6:handle_keypad_input	16	static
../Core/Src/main.c:237:7:SysTick_CallBack	8	static
../Core/Src/main.c:254:5:main	16	static
../Core/Src/main.c:323:6:HAL_UART_RxCpltCallback	16	static
../Core/Src/main.c:338:6:SystemClock_Config	72	static
../Core/Src/main.c:378:13:MX_I2C1_Init	8	static
../Core/Src/main.c:412:13:MX_TIM4_Init	32	static
../Core/Src/main.c:457:13:MX_USART1_UART_Init	8	static
../Core/Src/main.c:490:13:MX_GPIO_Init	40	static
../Core/Src/main.c:539:6:Error_Handler	4	static,ignoring_inline_asm
